

 
mysql 安装
# wget http://dev.mysql.com/get/mysql-community-release-el7-5.noarch.rpm
# rpm -ivh mysql-community-release-el7-5.noarch.rpm
# yum install mysql-community-server
安装成功后重启mysql服务。

# service mysqld restart
初次安装mysql，root账户没有密码。

复制代码
[root@yl-web yl]# mysql -u root 
Welcome to the MySQL monitor.  Commands end with ; or \g.
Your MySQL connection id is 3
Server version: 5.6.26 MySQL Community Server (GPL)

Copyright (c) 2000, 2015, Oracle and/or its affiliates. All rights reserved.

Oracle is a registered trademark of Oracle Corporation and/or its
affiliates. Other names may be trademarks of their respective
owners.

Type 'help;' or '\h' for help. Type '\c' to clear the current input statement.

mysql> show databases;
+--------------------+
| Database           |
+--------------------+
| information_schema |
| mysql              |
| performance_schema |
| test               |
+--------------------+
4 rows in set (0.01 sec)

mysql> 



权限赋予
GRANT ALL PRIVILEGES ON *.* TO 'root'@'%' IDENTIFIED BY 'root' 
更新root密码 
update user set password=password('root') where user="root";
#权限刷新
mysql> FLUSH PRIVILEGES;
#登陆方式
mysql –uroot –p

#设置跳过密码登陆方式，在/etc/my.cnf 中增加【mysqld】下  ： skip-grant-table；重启后输入mysql
#重启mysql ： service mysqld restart
#停止mysql ： service mysqld stop


密码为空处理办法
　提示：ERROR 1044 (42000): Access denied for user ''@'localhost' to database 'mysql'。网上找了一个比较流行的方法（见方法一），搞定了。今天又用这个试了试，却搞不定，在网上找了半天，终于发现是因为mysql数据库的user表里，存在用户名为空的账户即匿名账户，导致登录的时候是虽然用的是root，但实际是匿名登录的，通过错误提示里的''@'localhost'可以看出来，于是解决办法见方法二。

方法一：
1.关闭mysql
   # service mysqld stop
2.屏蔽权限
   # mysqld_safe --skip-grant-table
   屏幕出现： Starting demo from .....
3.新开起一个终端输入
   # mysql -u root mysql
   mysql> UPDATE user SET Password=PASSWORD('newpassword') where USER='root';
   mysql> FLUSH PRIVILEGES;//记得要这句话，否则如果关闭先前的终端，又会出现原来的错误
   mysql> \q

方法二：
1.关闭mysql
   # service mysqld stop
2.屏蔽权限
   # mysqld_safe --skip-grant-table
   屏幕出现： Starting demo from .....
3.新开起一个终端输入
   # mysql -u root mysql
   mysql> delete from user where USER='';
   mysql> FLUSH PRIVILEGES;//记得要这句话，否则如果关闭先前的终端，又会出现原来的错误
   mysql> \q
